// Jest Snapshot v1, https://goo.gl/fbAQLP

exports[`Render Rulers tests Should match snapshot vertical: vertical 1`] = `"<div class=\\"slider-app__rulers-value slider-app__rulers-value--0 slider-app__rulers-value--vertical\\" style=\\"bottom: 0px;\\">104</div>"`;
